// Jest Snapshot v1, https://goo.gl/fbAQLP

exports[`hbs_extractor 1`] = `
Array [
  Object {
    "defaultMessage": "in template",
    "description": "in template desc",
    "id": "7MCO2v",
  },
  Object {
    "defaultMessage": "{connectorName, select, none {Install Service} other {Install {connectorName}} }",
    "description": null,
    "id": "5zbbTO",
  },
  Object {
    "defaultMessage": "{connectorName, select, none {Install Service} other {Install {connectorName}} }",
    "description": null,
    "id": "SIw1iw",
  },
]
`;
