// Jest Snapshot v1, https://goo.gl/fbAQLP

exports[`hbs_extractor 1`] = `
Array [
  Object {
    "defaultMessage": "in template",
    "description": "in template desc",
    "id": "7MCO2v",
  },
  Object {
    "defaultMessage": "{connectorName, select, none {Install Service} other {Install {connectorName}} }",
    "description": undefined,
    "id": "5zbbTO",
  },
  Object {
    "defaultMessage": "{connectorName, select, none {Install Service} other {Install {connectorName}} }",
    "description": undefined,
    "id": "Yqyrq6",
  },
  Object {
    "defaultMessage": "Very long message with multiple breaklines and multiple spaces '<a' href={href}> Link '</a>'",
    "description": undefined,
    "id": "qVJT5c",
  },
]
`;
